// Jest Snapshot v1, https://goo.gl/fbAQLP

exports[`ErrorComponent smoke test renders without crashing 1`] = `
<div>
  An Error occurred. I don't know what to do!
</div>
`;
