// Jest Snapshot v1, https://goo.gl/fbAQLP

exports[`MeetupWrapper tests should render without crashing 1`] = `
<Fragment>
  <div
    className="center"
  >
    <div
      className="rstWrapper  elevate"
    >
      <div
        className="rst"
        onMouseEnter={[Function]}
        onMouseLeave={[Function]}
      >
        <Link
          to="/restaurants/undefined"
        >
          <img
            className="rstImg"
          />
        </Link>
      </div>
      <div
        className="rstCardBottom"
      >
        <div
          className="rstInfo"
        >
          <div
            className="rstInfoTop"
          >
            <Rating />
            <WithStyles(ForwardRef(Tooltip))
              placement="top"
              title="Go To Restaurant Page"
            >
              <Link
                className="rstInfoName"
                to="/restaurants/undefined"
              >
                <WithStyles(ForwardRef(Typography))
                  noWrap={true}
                  variant="h6"
                />
              </Link>
            </WithStyles(ForwardRef(Tooltip))>
          </div>
          <div>
            <WithStyles(ForwardRef(IconButton))
              edge="end"
              onClick={[Function]}
              style={
                Object {
                  "color": "rgba(10,10,10, .95)",
                }
              }
            >
              <MoreVertIcon />
            </WithStyles(ForwardRef(IconButton))>
            <WithStyles(ForwardRef(Menu))
              anchorEl={null}
              onClose={[Function]}
              open={null}
            >
              <WithStyles(ForwardRef(MenuItem))
                onClick={[Function]}
              >
                <WithStyles(ForwardRef(ListItemIcon))>
                  <ZoomInIcon
                    color="primary"
                    fontSize="small"
                  />
                </WithStyles(ForwardRef(ListItemIcon))>
                <WithStyles(ForwardRef(Typography))
                  noWrap={true}
                  variant="body2"
                >
                  Preview Option
                </WithStyles(ForwardRef(Typography))>
              </WithStyles(ForwardRef(MenuItem))>
              <a
                rel="noopener noreferrer"
                target="_blank"
              >
                <WithStyles(ForwardRef(MenuItem))
                  onClick={[Function]}
                >
                  <WithStyles(ForwardRef(ListItemIcon))>
                    <LaunchIcon
                      color="primary"
                      fontSize="small"
                    />
                  </WithStyles(ForwardRef(ListItemIcon))>
                  <WithStyles(ForwardRef(Typography))
                    noWrap={true}
                    variant="body2"
                  >
                    Go to Yelp Page
                  </WithStyles(ForwardRef(Typography))>
                </WithStyles(ForwardRef(MenuItem))>
              </a>
              <WithStyles(ForwardRef(MenuItem))
                onClick={[Function]}
              >
                <WithStyles(ForwardRef(ListItemIcon))>
                  <CloseIcon
                    color="secondary"
                    fontSize="small"
                  />
                </WithStyles(ForwardRef(ListItemIcon))>
                <WithStyles(ForwardRef(Typography))
                  noWrap={true}
                  variant="body2"
                >
                  Delete Option
                </WithStyles(ForwardRef(Typography))>
              </WithStyles(ForwardRef(MenuItem))>
            </WithStyles(ForwardRef(Menu))>
          </div>
        </div>
        <div
          className="rstCategories"
        >
          $
           â€¢
          <div
            className="categoryChip"
            key="1"
          >
            <WithStyles(ForwardRef(Avatar))
              src="undefineddesserts.png"
              style={
                Object {
                  "height": 20,
                  "width": 20,
                }
              }
              variant="square"
            >
              <img
                alt="&#9787;"
                src="https://meetup-static.s3-us-west-1.amazonaws.com/static/general/panda.png"
                style={
                  Object {
                    "height": 20,
                    "width": 20,
                  }
                }
              />
            </WithStyles(ForwardRef(Avatar))>
            Dessert
          </div>
        </div>
        <div
          className="rstActions"
        >
          <div
            className="rstActionIcon "
          >
            <WithStyles(ForwardRef(Tooltip))
              title="Like"
            >
              <ThumbUpOutlinedIcon
                className="clickable"
                disabled={false}
                onClick={[Function]}
              />
            </WithStyles(ForwardRef(Tooltip))>
            <span
              className="rstActionScore"
            >
              0
            </span>
          </div>
          <div
            className="rstActionIcon "
          >
            <WithStyles(ForwardRef(Tooltip))
              title="Dislike"
            >
              <ThumbDownOutlinedIcon
                className="clickable"
                disabled={false}
                onClick={[Function]}
              />
            </WithStyles(ForwardRef(Tooltip))>
            <span
              className="rstActionScore"
            >
              0
            </span>
          </div>
          <div
            className="rstActionIcon "
          >
            <WithStyles(ForwardRef(Tooltip))
              title="Ban"
            >
              <CancelOutlinedIcon
                className="clickable"
                onClick={[Function]}
              />
            </WithStyles(ForwardRef(Tooltip))>
            <span
              className="rstActionScore"
            >
              0
            </span>
          </div>
        </div>
      </div>
    </div>
  </div>
</Fragment>
`;
